------------------------------------------------------------
Timing Analyzer Summary
------------------------------------------------------------

Type  : Slow 1100mV 100C Model Setup 'FPGA_CLK1_50'
Slack : 6.793
TNS   : 0.000

Type  : Slow 1100mV 100C Model Setup 'altera_reserved_tck'
Slack : 10.348
TNS   : 0.000

Type  : Slow 1100mV 100C Model Setup 'pll2|video_pll_inst|altera_pll_i|general[1].gpll~PLL_OUTPUT_COUNTER|divclk'
Slack : 10.630
TNS   : 0.000

Type  : Slow 1100mV 100C Model Setup 'HDMI_TX_CLK'
Slack : 17.204
TNS   : 0.000

Type  : Slow 1100mV 100C Model Setup 'MIPI_PIXEL_CLK'
Slack : 24.078
TNS   : 0.000

Type  : Slow 1100mV 100C Model Setup 'pll1|audio_pll_inst|altera_pll_i|general[0].gpll~PLL_OUTPUT_COUNTER|divclk'
Slack : 648.485
TNS   : 0.000

Type  : Slow 1100mV 100C Model Hold 'MIPI_PIXEL_CLK'
Slack : -0.044
TNS   : -0.044

Type  : Slow 1100mV 100C Model Hold 'pll2|video_pll_inst|altera_pll_i|general[1].gpll~PLL_OUTPUT_COUNTER|divclk'
Slack : 0.384
TNS   : 0.000

Type  : Slow 1100mV 100C Model Hold 'FPGA_CLK1_50'
Slack : 0.438
TNS   : 0.000

Type  : Slow 1100mV 100C Model Hold 'altera_reserved_tck'
Slack : 0.607
TNS   : 0.000

Type  : Slow 1100mV 100C Model Hold 'pll1|audio_pll_inst|altera_pll_i|general[0].gpll~PLL_OUTPUT_COUNTER|divclk'
Slack : 0.608
TNS   : 0.000

Type  : Slow 1100mV 100C Model Hold 'HDMI_TX_CLK'
Slack : 14.233
TNS   : 0.000

Type  : Slow 1100mV 100C Model Recovery 'pll1|audio_pll_inst|altera_pll_i|general[0].gpll~PLL_OUTPUT_COUNTER|divclk'
Slack : -7.715
TNS   : -104.654

Type  : Slow 1100mV 100C Model Recovery 'FPGA_CLK1_50'
Slack : 8.186
TNS   : 0.000

Type  : Slow 1100mV 100C Model Recovery 'pll2|video_pll_inst|altera_pll_i|general[1].gpll~PLL_OUTPUT_COUNTER|divclk'
Slack : 11.451
TNS   : 0.000

Type  : Slow 1100mV 100C Model Recovery 'altera_reserved_tck'
Slack : 29.533
TNS   : 0.000

Type  : Slow 1100mV 100C Model Removal 'altera_reserved_tck'
Slack : 1.036
TNS   : 0.000

Type  : Slow 1100mV 100C Model Removal 'pll1|audio_pll_inst|altera_pll_i|general[0].gpll~PLL_OUTPUT_COUNTER|divclk'
Slack : 1.233
TNS   : 0.000

Type  : Slow 1100mV 100C Model Removal 'pll2|video_pll_inst|altera_pll_i|general[1].gpll~PLL_OUTPUT_COUNTER|divclk'
Slack : 2.251
TNS   : 0.000

Type  : Slow 1100mV 100C Model Removal 'FPGA_CLK1_50'
Slack : 3.830
TNS   : 0.000

Type  : Slow 1100mV 100C Model Minimum Pulse Width 'pll1|audio_pll_inst|altera_pll_i|general[0].gpll~FRACTIONAL_PLL|vcoph[0]'
Slack : 1.600
TNS   : 0.000

Type  : Slow 1100mV 100C Model Minimum Pulse Width 'pll2|video_pll_inst|altera_pll_i|general[0].gpll~FRACTIONAL_PLL|vcoph[0]'
Slack : 1.666
TNS   : 0.000

Type  : Slow 1100mV 100C Model Minimum Pulse Width 'FPGA_CLK1_50'
Slack : 8.654
TNS   : 0.000

Type  : Slow 1100mV 100C Model Minimum Pulse Width 'FPGA_CLK2_50'
Slack : 9.730
TNS   : 0.000

Type  : Slow 1100mV 100C Model Minimum Pulse Width 'altera_reserved_tck'
Slack : 15.461
TNS   : 0.000

Type  : Slow 1100mV 100C Model Minimum Pulse Width 'pll2|video_pll_inst|altera_pll_i|general[1].gpll~PLL_OUTPUT_COUNTER|divclk'
Slack : 18.559
TNS   : 0.000

Type  : Slow 1100mV 100C Model Minimum Pulse Width 'MIPI_PIXEL_CLK'
Slack : 18.722
TNS   : 0.000

Type  : Slow 1100mV 100C Model Minimum Pulse Width 'pll1|audio_pll_inst|altera_pll_i|general[0].gpll~PLL_OUTPUT_COUNTER|divclk'
Slack : 325.434
TNS   : 0.000

Type  : Slow 1100mV -40C Model Setup 'FPGA_CLK1_50'
Slack : 6.030
TNS   : 0.000

Type  : Slow 1100mV -40C Model Setup 'altera_reserved_tck'
Slack : 10.482
TNS   : 0.000

Type  : Slow 1100mV -40C Model Setup 'pll2|video_pll_inst|altera_pll_i|general[1].gpll~PLL_OUTPUT_COUNTER|divclk'
Slack : 11.409
TNS   : 0.000

Type  : Slow 1100mV -40C Model Setup 'HDMI_TX_CLK'
Slack : 17.530
TNS   : 0.000

Type  : Slow 1100mV -40C Model Setup 'MIPI_PIXEL_CLK'
Slack : 25.168
TNS   : 0.000

Type  : Slow 1100mV -40C Model Setup 'pll1|audio_pll_inst|altera_pll_i|general[0].gpll~PLL_OUTPUT_COUNTER|divclk'
Slack : 648.423
TNS   : 0.000

Type  : Slow 1100mV -40C Model Hold 'pll2|video_pll_inst|altera_pll_i|general[1].gpll~PLL_OUTPUT_COUNTER|divclk'
Slack : 0.367
TNS   : 0.000

Type  : Slow 1100mV -40C Model Hold 'FPGA_CLK1_50'
Slack : 0.399
TNS   : 0.000

Type  : Slow 1100mV -40C Model Hold 'MIPI_PIXEL_CLK'
Slack : 0.444
TNS   : 0.000

Type  : Slow 1100mV -40C Model Hold 'altera_reserved_tck'
Slack : 0.588
TNS   : 0.000

Type  : Slow 1100mV -40C Model Hold 'pll1|audio_pll_inst|altera_pll_i|general[0].gpll~PLL_OUTPUT_COUNTER|divclk'
Slack : 0.643
TNS   : 0.000

Type  : Slow 1100mV -40C Model Hold 'HDMI_TX_CLK'
Slack : 13.979
TNS   : 0.000

Type  : Slow 1100mV -40C Model Recovery 'pll1|audio_pll_inst|altera_pll_i|general[0].gpll~PLL_OUTPUT_COUNTER|divclk'
Slack : -7.365
TNS   : -99.831

Type  : Slow 1100mV -40C Model Recovery 'FPGA_CLK1_50'
Slack : 8.506
TNS   : 0.000

Type  : Slow 1100mV -40C Model Recovery 'pll2|video_pll_inst|altera_pll_i|general[1].gpll~PLL_OUTPUT_COUNTER|divclk'
Slack : 11.810
TNS   : 0.000

Type  : Slow 1100mV -40C Model Recovery 'altera_reserved_tck'
Slack : 29.607
TNS   : 0.000

Type  : Slow 1100mV -40C Model Removal 'altera_reserved_tck'
Slack : 0.956
TNS   : 0.000

Type  : Slow 1100mV -40C Model Removal 'pll1|audio_pll_inst|altera_pll_i|general[0].gpll~PLL_OUTPUT_COUNTER|divclk'
Slack : 0.974
TNS   : 0.000

Type  : Slow 1100mV -40C Model Removal 'pll2|video_pll_inst|altera_pll_i|general[1].gpll~PLL_OUTPUT_COUNTER|divclk'
Slack : 2.227
TNS   : 0.000

Type  : Slow 1100mV -40C Model Removal 'FPGA_CLK1_50'
Slack : 3.914
TNS   : 0.000

Type  : Slow 1100mV -40C Model Minimum Pulse Width 'pll1|audio_pll_inst|altera_pll_i|general[0].gpll~FRACTIONAL_PLL|vcoph[0]'
Slack : 1.600
TNS   : 0.000

Type  : Slow 1100mV -40C Model Minimum Pulse Width 'pll2|video_pll_inst|altera_pll_i|general[0].gpll~FRACTIONAL_PLL|vcoph[0]'
Slack : 1.666
TNS   : 0.000

Type  : Slow 1100mV -40C Model Minimum Pulse Width 'FPGA_CLK1_50'
Slack : 8.642
TNS   : 0.000

Type  : Slow 1100mV -40C Model Minimum Pulse Width 'FPGA_CLK2_50'
Slack : 9.754
TNS   : 0.000

Type  : Slow 1100mV -40C Model Minimum Pulse Width 'altera_reserved_tck'
Slack : 15.479
TNS   : 0.000

Type  : Slow 1100mV -40C Model Minimum Pulse Width 'pll2|video_pll_inst|altera_pll_i|general[1].gpll~PLL_OUTPUT_COUNTER|divclk'
Slack : 18.537
TNS   : 0.000

Type  : Slow 1100mV -40C Model Minimum Pulse Width 'MIPI_PIXEL_CLK'
Slack : 18.712
TNS   : 0.000

Type  : Slow 1100mV -40C Model Minimum Pulse Width 'pll1|audio_pll_inst|altera_pll_i|general[0].gpll~PLL_OUTPUT_COUNTER|divclk'
Slack : 325.442
TNS   : 0.000

Type  : Fast 1100mV 100C Model Setup 'FPGA_CLK1_50'
Slack : 13.172
TNS   : 0.000

Type  : Fast 1100mV 100C Model Setup 'pll2|video_pll_inst|altera_pll_i|general[1].gpll~PLL_OUTPUT_COUNTER|divclk'
Slack : 13.649
TNS   : 0.000

Type  : Fast 1100mV 100C Model Setup 'altera_reserved_tck'
Slack : 13.693
TNS   : 0.000

Type  : Fast 1100mV 100C Model Setup 'HDMI_TX_CLK'
Slack : 26.718
TNS   : 0.000

Type  : Fast 1100mV 100C Model Setup 'MIPI_PIXEL_CLK'
Slack : 28.843
TNS   : 0.000

Type  : Fast 1100mV 100C Model Setup 'pll1|audio_pll_inst|altera_pll_i|general[0].gpll~PLL_OUTPUT_COUNTER|divclk'
Slack : 650.528
TNS   : 0.000

Type  : Fast 1100mV 100C Model Hold 'FPGA_CLK1_50'
Slack : 0.184
TNS   : 0.000

Type  : Fast 1100mV 100C Model Hold 'MIPI_PIXEL_CLK'
Slack : 0.184
TNS   : 0.000

Type  : Fast 1100mV 100C Model Hold 'pll2|video_pll_inst|altera_pll_i|general[1].gpll~PLL_OUTPUT_COUNTER|divclk'
Slack : 0.184
TNS   : 0.000

Type  : Fast 1100mV 100C Model Hold 'altera_reserved_tck'
Slack : 0.221
TNS   : 0.000

Type  : Fast 1100mV 100C Model Hold 'pll1|audio_pll_inst|altera_pll_i|general[0].gpll~PLL_OUTPUT_COUNTER|divclk'
Slack : 0.401
TNS   : 0.000

Type  : Fast 1100mV 100C Model Hold 'HDMI_TX_CLK'
Slack : 8.465
TNS   : 0.000

Type  : Fast 1100mV 100C Model Recovery 'pll1|audio_pll_inst|altera_pll_i|general[0].gpll~PLL_OUTPUT_COUNTER|divclk'
Slack : -4.174
TNS   : -57.685

Type  : Fast 1100mV 100C Model Recovery 'FPGA_CLK1_50'
Slack : 13.320
TNS   : 0.000

Type  : Fast 1100mV 100C Model Recovery 'pll2|video_pll_inst|altera_pll_i|general[1].gpll~PLL_OUTPUT_COUNTER|divclk'
Slack : 14.955
TNS   : 0.000

Type  : Fast 1100mV 100C Model Recovery 'altera_reserved_tck'
Slack : 31.105
TNS   : 0.000

Type  : Fast 1100mV 100C Model Removal 'altera_reserved_tck'
Slack : 0.460
TNS   : 0.000

Type  : Fast 1100mV 100C Model Removal 'pll1|audio_pll_inst|altera_pll_i|general[0].gpll~PLL_OUTPUT_COUNTER|divclk'
Slack : 1.061
TNS   : 0.000

Type  : Fast 1100mV 100C Model Removal 'pll2|video_pll_inst|altera_pll_i|general[1].gpll~PLL_OUTPUT_COUNTER|divclk'
Slack : 1.382
TNS   : 0.000

Type  : Fast 1100mV 100C Model Removal 'FPGA_CLK1_50'
Slack : 2.176
TNS   : 0.000

Type  : Fast 1100mV 100C Model Minimum Pulse Width 'pll1|audio_pll_inst|altera_pll_i|general[0].gpll~FRACTIONAL_PLL|vcoph[0]'
Slack : 1.600
TNS   : 0.000

Type  : Fast 1100mV 100C Model Minimum Pulse Width 'pll2|video_pll_inst|altera_pll_i|general[0].gpll~FRACTIONAL_PLL|vcoph[0]'
Slack : 1.666
TNS   : 0.000

Type  : Fast 1100mV 100C Model Minimum Pulse Width 'FPGA_CLK1_50'
Slack : 8.521
TNS   : 0.000

Type  : Fast 1100mV 100C Model Minimum Pulse Width 'FPGA_CLK2_50'
Slack : 9.347
TNS   : 0.000

Type  : Fast 1100mV 100C Model Minimum Pulse Width 'altera_reserved_tck'
Slack : 15.419
TNS   : 0.000

Type  : Fast 1100mV 100C Model Minimum Pulse Width 'MIPI_PIXEL_CLK'
Slack : 18.313
TNS   : 0.000

Type  : Fast 1100mV 100C Model Minimum Pulse Width 'pll2|video_pll_inst|altera_pll_i|general[1].gpll~PLL_OUTPUT_COUNTER|divclk'
Slack : 18.880
TNS   : 0.000

Type  : Fast 1100mV 100C Model Minimum Pulse Width 'pll1|audio_pll_inst|altera_pll_i|general[0].gpll~PLL_OUTPUT_COUNTER|divclk'
Slack : 325.921
TNS   : 0.000

Type  : Fast 1100mV -40C Model Setup 'FPGA_CLK1_50'
Slack : 14.106
TNS   : 0.000

Type  : Fast 1100mV -40C Model Setup 'altera_reserved_tck'
Slack : 14.274
TNS   : 0.000

Type  : Fast 1100mV -40C Model Setup 'pll2|video_pll_inst|altera_pll_i|general[1].gpll~PLL_OUTPUT_COUNTER|divclk'
Slack : 15.053
TNS   : 0.000

Type  : Fast 1100mV -40C Model Setup 'HDMI_TX_CLK'
Slack : 27.883
TNS   : 0.000

Type  : Fast 1100mV -40C Model Setup 'MIPI_PIXEL_CLK'
Slack : 31.283
TNS   : 0.000

Type  : Fast 1100mV -40C Model Setup 'pll1|audio_pll_inst|altera_pll_i|general[0].gpll~PLL_OUTPUT_COUNTER|divclk'
Slack : 650.847
TNS   : 0.000

Type  : Fast 1100mV -40C Model Hold 'FPGA_CLK1_50'
Slack : 0.161
TNS   : 0.000

Type  : Fast 1100mV -40C Model Hold 'pll2|video_pll_inst|altera_pll_i|general[1].gpll~PLL_OUTPUT_COUNTER|divclk'
Slack : 0.170
TNS   : 0.000

Type  : Fast 1100mV -40C Model Hold 'altera_reserved_tck'
Slack : 0.171
TNS   : 0.000

Type  : Fast 1100mV -40C Model Hold 'MIPI_PIXEL_CLK'
Slack : 0.172
TNS   : 0.000

Type  : Fast 1100mV -40C Model Hold 'pll1|audio_pll_inst|altera_pll_i|general[0].gpll~PLL_OUTPUT_COUNTER|divclk'
Slack : 0.366
TNS   : 0.000

Type  : Fast 1100mV -40C Model Hold 'HDMI_TX_CLK'
Slack : 7.786
TNS   : 0.000

Type  : Fast 1100mV -40C Model Recovery 'pll1|audio_pll_inst|altera_pll_i|general[0].gpll~PLL_OUTPUT_COUNTER|divclk'
Slack : -3.417
TNS   : -46.781

Type  : Fast 1100mV -40C Model Recovery 'FPGA_CLK1_50'
Slack : 14.146
TNS   : 0.000

Type  : Fast 1100mV -40C Model Recovery 'pll2|video_pll_inst|altera_pll_i|general[1].gpll~PLL_OUTPUT_COUNTER|divclk'
Slack : 15.713
TNS   : 0.000

Type  : Fast 1100mV -40C Model Recovery 'altera_reserved_tck'
Slack : 31.437
TNS   : 0.000

Type  : Fast 1100mV -40C Model Removal 'altera_reserved_tck'
Slack : 0.369
TNS   : 0.000

Type  : Fast 1100mV -40C Model Removal 'pll1|audio_pll_inst|altera_pll_i|general[0].gpll~PLL_OUTPUT_COUNTER|divclk'
Slack : 0.522
TNS   : 0.000

Type  : Fast 1100mV -40C Model Removal 'pll2|video_pll_inst|altera_pll_i|general[1].gpll~PLL_OUTPUT_COUNTER|divclk'
Slack : 1.021
TNS   : 0.000

Type  : Fast 1100mV -40C Model Removal 'FPGA_CLK1_50'
Slack : 1.871
TNS   : 0.000

Type  : Fast 1100mV -40C Model Minimum Pulse Width 'pll1|audio_pll_inst|altera_pll_i|general[0].gpll~FRACTIONAL_PLL|vcoph[0]'
Slack : 1.600
TNS   : 0.000

Type  : Fast 1100mV -40C Model Minimum Pulse Width 'pll2|video_pll_inst|altera_pll_i|general[0].gpll~FRACTIONAL_PLL|vcoph[0]'
Slack : 1.666
TNS   : 0.000

Type  : Fast 1100mV -40C Model Minimum Pulse Width 'FPGA_CLK1_50'
Slack : 8.443
TNS   : 0.000

Type  : Fast 1100mV -40C Model Minimum Pulse Width 'FPGA_CLK2_50'
Slack : 9.274
TNS   : 0.000

Type  : Fast 1100mV -40C Model Minimum Pulse Width 'altera_reserved_tck'
Slack : 15.416
TNS   : 0.000

Type  : Fast 1100mV -40C Model Minimum Pulse Width 'MIPI_PIXEL_CLK'
Slack : 18.285
TNS   : 0.000

Type  : Fast 1100mV -40C Model Minimum Pulse Width 'pll2|video_pll_inst|altera_pll_i|general[1].gpll~PLL_OUTPUT_COUNTER|divclk'
Slack : 18.885
TNS   : 0.000

Type  : Fast 1100mV -40C Model Minimum Pulse Width 'pll1|audio_pll_inst|altera_pll_i|general[0].gpll~PLL_OUTPUT_COUNTER|divclk'
Slack : 325.930
TNS   : 0.000

------------------------------------------------------------
